============================= test session starts ==============================
platform linux -- Python 3.12.13, pytest-9.0.2, pluggy-1.6.0
rootdir: /app
collected 8 items

test/test_generator.py ..                                                [ 25%]
test/test_generator_width.py .                                           [ 37%]
test/test_validator.py .....                                             [100%]

============================== 8 passed in 1.94s ===============================
